2026-08-04 19:16:38,058 - main - INFO - === Logging system initialized ===
2026-08-04 19:16:38,058 - main - INFO - Log file: logs/app_20260804_191638.log
2026-08-04 19:16:38,059 - main - INFO - Log level: INFO
2026-08-04 19:16:38,059 - main - INFO - Timestamp: 20260804_191638
2026-08-04 19:16:41,648 - main - INFO - Included router: routers.aihub.router
2026-08-04 19:16:41,661 - main - INFO - Included router: routers.auth.router
2026-08-04 19:16:41,674 - main - INFO - Included router: routers.face_analysis.router
2026-08-04 19:16:41,675 - main - INFO - Included router: routers.health.router
2026-08-04 19:16:41,761 - routers.lipsticks - INFO - Loaded 6190 lipstick records from /workspaces/beauty-fit-ai-progect/App/backend/data/lipstick_enriched.json
2026-08-04 19:16:41,776 - main - INFO - Included router: routers.lipsticks.router
2026-08-04 19:16:41,804 - main - INFO - Included router: routers.payments.router
2026-08-04 19:16:41,828 - services.pro_tutorial - INFO - [GeminiKeyManager] Initialized with 1 API key(s).
2026-08-04 19:16:41,831 - main - INFO - Included router: routers.pro_tutorial.router
2026-08-04 19:16:41,842 - main - INFO - Included router: routers.settings.router
2026-08-04 19:16:41,866 - main - INFO - Included router: routers.storage.router
2026-08-04 19:16:41,870 - main - INFO - Included router: routers.user.router
2026-08-04 19:16:41,871 - main - INFO - === Application startup initiated ===
2026-08-04 19:16:41,871 - services.database - DEBUG - [DB_OP] Starting database initialization
2026-08-04 19:16:41,872 - services.database - INFO - 🔧 Starting database initialization...
2026-08-04 19:16:41,872 - core.database - INFO - Starting database initialization...
2026-08-04 19:16:41,872 - core.config - DEBUG - Read dynamic attribute database_url from environment variable DATABASE_URL
2026-08-04 19:16:41,872 - core.database - INFO - Normalizing database URL for async compatibility...
2026-08-04 19:16:41,874 - core.database - WARNING - Adjusted database URL driver for async compatibility
2026-08-04 19:16:41,874 - core.database - INFO - Creating async database engine...
2026-08-04 19:16:41,874 - core.database - INFO - Using QueuePool with connection pooling for non-Lambda environment
2026-08-04 19:16:41,904 - core.database - INFO - Database engine created successfully
2026-08-04 19:16:41,905 - core.database - INFO - Creating async session maker...
2026-08-04 19:16:41,905 - core.database - INFO - Async session maker created successfully
2026-08-04 19:16:41,905 - core.database - INFO - Database connection initialized successfully
2026-08-04 19:16:41,905 - services.database - INFO - 🔧 Database connection initialized, now creating tables if tables not exist...
2026-08-04 19:16:41,905 - core.database - DEBUG - [DB_OP] Starting create_tables
2026-08-04 19:16:41,905 - core.database - INFO - 🔧 Starting table creation...
2026-08-04 19:16:41,954 - core.database - ERROR - Failed to create tables: [Errno -2] Name or service not known
2026-08-04 19:16:41,954 - services.database - ERROR - Failed to initialize database: [Errno -2] Name or service not known
