2026-08-04 21:48:46,474 - main - INFO - === Logging system initialized ===
2026-08-04 21:48:46,474 - main - INFO - Log file: logs/app_20260804_214846.log
2026-08-04 21:48:46,474 - main - INFO - Log level: INFO
2026-08-04 21:48:46,474 - main - INFO - Timestamp: 20260804_214846
2026-08-04 21:48:48,328 - main - INFO - Included router: routers.aihub.router
2026-08-04 21:48:48,347 - main - INFO - Included router: routers.auth.router
2026-08-04 21:48:48,353 - main - INFO - Included router: routers.face_analysis.router
2026-08-04 21:48:48,354 - main - INFO - Included router: routers.health.router
2026-08-04 21:48:48,507 - routers.lipsticks - INFO - Loaded 6190 lipstick records from /workspaces/beauty-fit-ai-progect/App/backend/data/lipstick_enriched.json
2026-08-04 21:48:48,525 - main - INFO - Included router: routers.lipsticks.router
2026-08-04 21:48:48,582 - main - INFO - Included router: routers.payments.router
2026-08-04 21:48:48,598 - services.pro_tutorial - INFO - [GeminiKeyManager] Initialized with 1 API key(s).
2026-08-04 21:48:48,613 - main - INFO - Included router: routers.pro_tutorial.router
2026-08-04 21:48:48,629 - main - INFO - Included router: routers.settings.router
2026-08-04 21:48:48,657 - main - INFO - Included router: routers.storage.router
2026-08-04 21:48:48,661 - main - INFO - Included router: routers.user.router
2026-08-04 21:48:48,718 - main - INFO - === Application startup initiated ===
2026-08-04 21:48:48,719 - services.database - DEBUG - [DB_OP] Starting database initialization
2026-08-04 21:48:48,719 - services.database - INFO - 🔧 Starting database initialization...
2026-08-04 21:48:48,719 - core.database - INFO - Starting database initialization...
2026-08-04 21:48:48,719 - core.config - DEBUG - Read dynamic attribute database_url from environment variable DATABASE_URL
2026-08-04 21:48:48,719 - core.database - INFO - Normalizing database URL for async compatibility...
2026-08-04 21:48:48,721 - core.database - WARNING - Adjusted database URL driver for async compatibility
2026-08-04 21:48:48,721 - core.database - INFO - Creating async database engine...
2026-08-04 21:48:48,721 - core.database - INFO - Using QueuePool with connection pooling for non-Lambda environment
2026-08-04 21:48:48,785 - core.database - INFO - Database engine created successfully
2026-08-04 21:48:48,785 - core.database - INFO - Creating async session maker...
2026-08-04 21:48:48,786 - core.database - INFO - Async session maker created successfully
2026-08-04 21:48:48,786 - core.database - INFO - Database connection initialized successfully
2026-08-04 21:48:48,786 - services.database - INFO - 🔧 Database connection initialized, now creating tables if tables not exist...
2026-08-04 21:48:48,786 - core.database - DEBUG - [DB_OP] Starting create_tables
2026-08-04 21:48:48,786 - core.database - INFO - 🔧 Starting table creation...
2026-08-04 21:48:48,852 - core.database - ERROR - Failed to create tables: [Errno -2] Name or service not known
2026-08-04 21:48:48,853 - services.database - ERROR - Failed to initialize database: [Errno -2] Name or service not known
