2026-08-06 14:37:18,877 - main - INFO - === Logging system initialized ===
2026-08-06 14:37:18,877 - main - INFO - Log file: logs/app_20260806_143718.log
2026-08-06 14:37:18,877 - main - INFO - Log level: INFO
2026-08-06 14:37:18,877 - main - INFO - Timestamp: 20260806_143718
2026-08-06 14:37:21,422 - main - INFO - Included router: routers.aihub.router
2026-08-06 14:37:21,429 - main - INFO - Included router: routers.auth.router
2026-08-06 14:37:21,438 - main - INFO - Included router: routers.face_analysis.router
2026-08-06 14:37:21,438 - main - INFO - Included router: routers.health.router
2026-08-06 14:37:22,066 - routers.lipsticks - INFO - Loaded 6190 lipstick records from /workspaces/beauty-fit-ai-progect/App/backend/data/lipstick_enriched.json
2026-08-06 14:37:22,078 - main - INFO - Included router: routers.lipsticks.router
2026-08-06 14:37:22,106 - main - INFO - Included router: routers.payments.router
2026-08-06 14:37:22,142 - services.pro_tutorial - INFO - [GeminiKeyManager] Initialized with 1 API key(s).
2026-08-06 14:37:22,146 - main - INFO - Included router: routers.pro_tutorial.router
2026-08-06 14:37:22,155 - main - INFO - Included router: routers.settings.router
2026-08-06 14:37:22,171 - main - INFO - Included router: routers.storage.router
2026-08-06 14:37:22,174 - main - INFO - Included router: routers.user.router
2026-08-06 14:37:22,186 - main - INFO - === Application startup initiated ===
2026-08-06 14:37:22,186 - services.database - DEBUG - [DB_OP] Starting database initialization
2026-08-06 14:37:22,186 - services.database - INFO - 🔧 Starting database initialization...
2026-08-06 14:37:22,186 - core.database - INFO - Starting database initialization...
2026-08-06 14:37:22,186 - core.config - DEBUG - Read dynamic attribute database_url from environment variable DATABASE_URL
2026-08-06 14:37:22,186 - core.database - INFO - Normalizing database URL for async compatibility...
2026-08-06 14:37:22,187 - core.database - DEBUG - Database exists:./dev.db
2026-08-06 14:37:22,187 - core.database - INFO - Creating async database engine...
2026-08-06 14:37:22,187 - core.database - INFO - Using QueuePool with connection pooling for non-Lambda environment
2026-08-06 14:37:22,343 - core.database - INFO - Database engine created successfully
2026-08-06 14:37:22,343 - core.database - INFO - Creating async session maker...
2026-08-06 14:37:22,343 - core.database - INFO - Async session maker created successfully
2026-08-06 14:37:22,344 - core.database - INFO - Database connection initialized successfully
2026-08-06 14:37:22,344 - services.database - INFO - 🔧 Database connection initialized, now creating tables if tables not exist...
2026-08-06 14:37:22,344 - core.database - DEBUG - [DB_OP] Starting create_tables
2026-08-06 14:37:22,344 - core.database - INFO - 🔧 Starting table creation...
2026-08-06 14:37:22,344 - aiosqlite - DEBUG - executing <function connect.<locals>.connector at 0x72243ccfc0e0>
2026-08-06 14:37:22,518 - aiosqlite - DEBUG - operation <function connect.<locals>.connector at 0x72243ccfc0e0> completed
2026-08-06 14:37:22,518 - aiosqlite - DEBUG - executing functools.partial(<built-in method create_function of sqlite3.Connection object at 0x72243ccee4d0>, 'regexp', 2, <function SQLiteDialect_pysqlite.on_connect.<locals>.regexp at 0x72243cceb380>, deterministic=True)
2026-08-06 14:37:22,518 - aiosqlite - DEBUG - operation functools.partial(<built-in method create_function of sqlite3.Connection object at 0x72243ccee4d0>, 'regexp', 2, <function SQLiteDialect_pysqlite.on_connect.<locals>.regexp at 0x72243cceb380>, deterministic=True) completed
2026-08-06 14:37:22,518 - aiosqlite - DEBUG - executing functools.partial(<built-in method create_function of sqlite3.Connection object at 0x72243ccee4d0>, 'floor', 1, <built-in function floor>, deterministic=True)
2026-08-06 14:37:22,518 - aiosqlite - DEBUG - operation functools.partial(<built-in method create_function of sqlite3.Connection object at 0x72243ccee4d0>, 'floor', 1, <built-in function floor>, deterministic=True) completed
2026-08-06 14:37:22,519 - aiosqlite - DEBUG - executing functools.partial(<built-in method cursor of sqlite3.Connection object at 0x72243ccee4d0>)
2026-08-06 14:37:22,519 - aiosqlite - DEBUG - operation functools.partial(<built-in method cursor of sqlite3.Connection object at 0x72243ccee4d0>) completed
2026-08-06 14:37:22,519 - aiosqlite - DEBUG - executing functools.partial(<built-in method execute of sqlite3.Cursor object at 0x72243ccd5dc0>, 'PRAGMA read_uncommitted', [])
2026-08-06 14:37:22,519 - aiosqlite - DEBUG - operation functools.partial(<built-in method execute of sqlite3.Cursor object at 0x72243ccd5dc0>, 'PRAGMA read_uncommitted', []) completed
2026-08-06 14:37:22,519 - aiosqlite - DEBUG - executing functools.partial(<built-in method fetchall of sqlite3.Cursor object at 0x72243ccd5dc0>)
2026-08-06 14:37:22,519 - aiosqlite - DEBUG - operation functools.partial(<built-in method fetchall of sqlite3.Cursor object at 0x72243ccd5dc0>) completed
2026-08-06 14:37:22,519 - aiosqlite - DEBUG - executing functools.partial(<built-in method close of sqlite3.Cursor object at 0x72243ccd5dc0>)
2026-08-06 14:37:22,519 - aiosqlite - DEBUG - operation functools.partial(<built-in method close of sqlite3.Cursor object at 0x72243ccd5dc0>) completed
2026-08-06 14:37:22,520 - aiosqlite - DEBUG - executing functools.partial(<built-in method rollback of sqlite3.Connection object at 0x72243ccee4d0>)
2026-08-06 14:37:22,520 - aiosqlite - DEBUG - operation functools.partial(<built-in method rollback of sqlite3.Connection object at 0x72243ccee4d0>) completed
2026-08-06 14:37:22,520 - aiosqlite - DEBUG - executing functools.partial(<built-in method cursor of sqlite3.Connection object at 0x72243ccee4d0>)
2026-08-06 14:37:22,520 - aiosqlite - DEBUG - operation functools.partial(<built-in method cursor of sqlite3.Connection object at 0x72243ccee4d0>) completed
2026-08-06 14:37:22,520 - aiosqlite - DEBUG - executing functools.partial(<built-in method execute of sqlite3.Cursor object at 0x72243ccd5e40>, 'PRAGMA main.table_info("users")', ())
2026-08-06 14:37:22,521 - aiosqlite - DEBUG - operation functools.partial(<built-in method execute of sqlite3.Cursor object at 0x72243ccd5e40>, 'PRAGMA main.table_info("users")', ()) completed
2026-08-06 14:37:22,521 - aiosqlite - DEBUG - executing functools.partial(<built-in method fetchall of sqlite3.Cursor object at 0x72243ccd5e40>)
2026-08-06 14:37:22,521 - aiosqlite - DEBUG - operation functools.partial(<built-in method fetchall of sqlite3.Cursor object at 0x72243ccd5e40>) completed
2026-08-06 14:37:22,521 - aiosqlite - DEBUG - executing functools.partial(<built-in method close of sqlite3.Cursor object at 0x72243ccd5e40>)
2026-08-06 14:37:22,521 - aiosqlite - DEBUG - operation functools.partial(<built-in method close of sqlite3.Cursor object at 0x72243ccd5e40>) completed
2026-08-06 14:37:22,522 - aiosqlite - DEBUG - executing functools.partial(<built-in method cursor of sqlite3.Connection object at 0x72243ccee4d0>)
2026-08-06 14:37:22,522 - aiosqlite - DEBUG - operation functools.partial(<built-in method cursor of sqlite3.Connection object at 0x72243ccee4d0>) completed
2026-08-06 14:37:22,522 - aiosqlite - DEBUG - executing functools.partial(<built-in method execute of sqlite3.Cursor object at 0x72243ccd5e40>, 'PRAGMA main.table_info("oidc_states")', ())
2026-08-06 14:37:22,522 - aiosqlite - DEBUG - operation functools.partial(<built-in method execute of sqlite3.Cursor object at 0x72243ccd5e40>, 'PRAGMA main.table_info("oidc_states")', ()) completed
2026-08-06 14:37:22,522 - aiosqlite - DEBUG - executing functools.partial(<built-in method fetchall of sqlite3.Cursor object at 0x72243ccd5e40>)
2026-08-06 14:37:22,522 - aiosqlite - DEBUG - operation functools.partial(<built-in method fetchall of sqlite3.Cursor object at 0x72243ccd5e40>) completed
2026-08-06 14:37:22,522 - aiosqlite - DEBUG - executing functools.partial(<built-in method close of sqlite3.Cursor object at 0x72243ccd5e40>)
2026-08-06 14:37:22,522 - aiosqlite - DEBUG - operation functools.partial(<built-in method close of sqlite3.Cursor object at 0x72243ccd5e40>) completed
2026-08-06 14:37:22,523 - core.database - INFO - Tables initialized successfully
2026-08-06 14:37:22,523 - core.database - DEBUG - [DB_OP] Create tables completed in 0.1793s
2026-08-06 14:37:22,523 - aiosqlite - DEBUG - executing functools.partial(<built-in method commit of sqlite3.Connection object at 0x72243ccee4d0>)
2026-08-06 14:37:22,523 - aiosqlite - DEBUG - operation functools.partial(<built-in method commit of sqlite3.Connection object at 0x72243ccee4d0>) completed
2026-08-06 14:37:22,523 - aiosqlite - DEBUG - executing functools.partial(<built-in method rollback of sqlite3.Connection object at 0x72243ccee4d0>)
2026-08-06 14:37:22,523 - aiosqlite - DEBUG - operation functools.partial(<built-in method rollback of sqlite3.Connection object at 0x72243ccee4d0>) completed
2026-08-06 14:37:22,524 - services.database - INFO - 🔧 Table creation completed
2026-08-06 14:37:22,524 - services.database - INFO - Database initialized successfully
2026-08-06 14:37:22,524 - services.database - DEBUG - [DB_OP] Database initialization completed in 0.3379s
2026-08-06 14:37:22,524 - services.mock_data - INFO - mock_data directory not found, skipping mock initialization
2026-08-06 14:37:22,524 - services.database - DEBUG - [DB_OP] Starting database initialization
2026-08-06 14:37:22,524 - services.database - INFO - 🔧 Starting database initialization...
2026-08-06 14:37:22,524 - core.database - INFO - Starting database initialization...
2026-08-06 14:37:22,524 - core.database - INFO - Database already initialized
2026-08-06 14:37:22,524 - services.database - INFO - 🔧 Database connection initialized, now creating tables if tables not exist...
2026-08-06 14:37:22,524 - core.database - DEBUG - [DB_OP] Starting create_tables
2026-08-06 14:37:22,524 - core.database - INFO - Tables already initialized
2026-08-06 14:37:22,524 - services.database - INFO - 🔧 Table creation completed
2026-08-06 14:37:22,524 - services.database - INFO - Database initialized successfully
2026-08-06 14:37:22,525 - services.database - DEBUG - [DB_OP] Database initialization completed in 0.0005s
2026-08-06 14:37:22,525 - services.auth - WARNING - Admin user ID or email not configured, skipping admin initialization
2026-08-06 14:37:22,525 - main - INFO - === Application startup completed successfully ===
