2026-07-31 09:59:09,590 - main - INFO - === Logging system initialized ===
2026-07-31 09:59:09,591 - main - INFO - Log file: logs/app_20260731_095909.log
2026-07-31 09:59:09,591 - main - INFO - Log level: INFO
2026-07-31 09:59:09,591 - main - INFO - Timestamp: 20260731_095909
2026-07-31 09:59:31,615 - main - INFO - Included router: routers.aihub.router
2026-07-31 09:59:31,818 - main - INFO - Included router: routers.auth.router
2026-07-31 09:59:31,867 - main - INFO - Included router: routers.face_analysis.router
2026-07-31 09:59:31,898 - main - INFO - Included router: routers.health.router
2026-07-31 09:59:32,440 - routers.lipsticks - INFO - Loaded 6190 lipstick records from /workspace/app/backend/data/lipstick_enriched.json
2026-07-31 09:59:32,460 - main - INFO - Included router: routers.lipsticks.router
2026-07-31 09:59:33,594 - main - INFO - Included router: routers.payments.router
2026-07-31 09:59:33,826 - main - INFO - Included router: routers.pro_tutorial.router
2026-07-31 09:59:33,858 - main - INFO - Included router: routers.settings.router
2026-07-31 09:59:33,987 - main - INFO - Included router: routers.storage.router
2026-07-31 09:59:34,079 - main - INFO - Included router: routers.user.router
2026-07-31 09:59:34,081 - main - INFO - === Application startup initiated ===
2026-07-31 09:59:34,081 - services.database - INFO - Ignore creating tables
2026-07-31 09:59:34,081 - services.mock_data - INFO - Ignore initialize data
2026-07-31 09:59:34,081 - services.auth - INFO - Ignore initialize admin
2026-07-31 09:59:34,081 - main - INFO - === Application startup completed successfully ===
2026-07-31 09:59:54,010 - dependencies.auth - DEBUG - Authentication required for request GET /api/v1/auth/me
2026-07-31 10:03:04,594 - dependencies.auth - DEBUG - Authentication required for request GET /api/v1/auth/me
2026-07-31 10:03:18,019 - dependencies.auth - DEBUG - Authentication required for request GET /api/v1/auth/me
2026-07-31 10:09:37,614 - dependencies.auth - DEBUG - Authentication required for request GET /api/v1/auth/me
2026-07-31 10:09:40,830 - services.database - DEBUG - [DB_OP] Starting database close
2026-07-31 10:09:40,831 - services.database - INFO - Database connections closed
2026-07-31 10:09:40,831 - services.database - DEBUG - [DB_OP] Database close completed in 0.0006s
